<?xml version="1.0" encoding="utf-8"?><testsuites><testsuite name="pytest" errors="0" failures="0" skipped="0" tests="1" time="6.436" timestamp="2025-09-28T18:03:41.276153+03:30" hostname="SadeQ"><testcase classname="tests.test_app.test_cli" name="test_app_fails_fast_on_invalid_controller" time="6.260" /></testsuite></testsuites>